#
# There is insufficient memory for the Java Runtime Environment to continue.
# Native memory allocation (malloc) failed to allocate 7527960 bytes. Error detail: Chunk::new
# Possible reasons:
#   The system is out of physical RAM or swap space
#   This process is running with CompressedOops enabled, and the Java Heap may be blocking the growth of the native heap
# Possible solutions:
#   Reduce memory load on the system
#   Increase physical memory or swap space
#   Check if swap backing store is full
#   Decrease Java heap size (-Xmx/-Xms)
#   Decrease number of Java threads
#   Decrease Java thread stack sizes (-Xss)
#   Set larger code cache with -XX:ReservedCodeCacheSize=
#   JVM is running with Unscaled Compressed Oops mode in which the Java heap is
#     placed in the first 4GB address space. The Java Heap base address is the
#     maximum limit for the native heap growth. Please use -XX:HeapBaseMinAddress
#     to set the Java Heap base and to place the Java Heap above 4GB virtual address.
# This output file may be truncated or incomplete.
#
#  Out of Memory Error (arena.cpp:186), pid=9764, tid=4188
#
# JRE version: OpenJDK Runtime Environment (25.0.2) (build 25.0.2+-15348964-b329.117)
# Java VM: OpenJDK 64-Bit Server VM (25.0.2+-15348964-b329.117, mixed mode, tiered, compressed oops, compressed class ptrs, g1 gc, windows-amd64)
# No core dump will be written. Minidumps are not enabled by default on client versions of Windows
#

---------------  S U M M A R Y ------------

Command Line: --add-opens=java.base/java.lang=ALL-UNNAMED --add-opens=java.base/java.lang.invoke=ALL-UNNAMED --add-opens=java.base/java.util=ALL-UNNAMED --add-opens=java.prefs/java.util.prefs=ALL-UNNAMED --add-exports=jdk.compiler/com.sun.tools.javac.api=ALL-UNNAMED --add-exports=jdk.compiler/com.sun.tools.javac.util=ALL-UNNAMED --add-opens=java.base/java.nio.charset=ALL-UNNAMED --add-opens=java.base/java.net=ALL-UNNAMED --add-opens=java.base/java.util.concurrent=ALL-UNNAMED --add-opens=java.base/java.util.concurrent.atomic=ALL-UNNAMED --add-opens=java.xml/javax.xml.namespace=ALL-UNNAMED --add-opens=java.base/java.time=ALL-UNNAMED --enable-native-access=ALL-UNNAMED -Xmx2048m -Dfile.encoding=UTF-8 -Duser.country=BR -Duser.language=pt -Duser.variant -javaagent:C:\Users\MEIRE\.gradle\wrapper\dists\gradle-9.7.1-bin\1w1c7tv4s851m17nbqdsro2tv\gradle-9.7.1\lib\agents\gradle-instrumentation-agent-9.7.1.jar org.gradle.launcher.daemon.bootstrap.GradleDaemon 9.7.1

Host: Intel(R) Core(TM) i3-1005G1 CPU @ 1.20GHz, 4 cores, 7G,  Windows 10 , 64 bit Build 19041 (10.0.19041.5915)
Time: Wed Aug 26 05:41:47 2026 Hora oficial do Brasil elapsed time: 36.164428 seconds (0d 0h 0m 36s)

---------------  T H R E A D  ---------------

Current thread (0x0000020bccd8d9b0):  JavaThread "C2 CompilerThread0" daemon [_thread_in_native, id=4188, stack(0x0000002e3dd00000,0x0000002e3de00000) (1024K)]


Current CompileTask:
C2:36164 7020       4       org.gradle.internal.reflect.ClassInspector::inspectClass (179 bytes)

Stack: [0x0000002e3dd00000,0x0000002e3de00000]
Native frames: (J=compiled Java code, j=interpreted, Vv=VM code, C=native code)
V  [jvm.dll+0x7bd439]  (no source info available)
V  [jvm.dll+0x78763d]  (no source info available)
V  [jvm.dll+0xa0c885]  (no source info available)
V  [jvm.dll+0xa0ef04]  (no source info available)
V  [jvm.dll+0xa0f603]  (no source info available)
V  [jvm.dll+0x309bf6]  (no source info available)
V  [jvm.dll+0x10ea69]  (no source info available)
V  [jvm.dll+0x10ed92]  (no source info available)
V  [jvm.dll+0x1a9837]  (no source info available)
V  [jvm.dll+0x3bec92]  (no source info available)
V  [jvm.dll+0x7c2cb7]  (no source info available)
V  [jvm.dll+0x2ce046]  (no source info available)
V  [jvm.dll+0x2cd221]  (no source info available)
V  [jvm.dll+0x242ffa]  (no source info available)
V  [jvm.dll+0x2dcc05]  (no source info available)
V  [jvm.dll+0x2dae06]  (no source info available)
V  [jvm.dll+0x49b59e]  (no source info available)
V  [jvm.dll+0x9ab9c8]  (no source info available)
V  [jvm.dll+0x7bb985]  (no source info available)
C  [ucrtbase.dll+0x21bb2]  (no source info available)
C  [KERNEL32.DLL+0x17374]  (no source info available)
C  [ntdll.dll+0x4cc91]  (no source info available)

Lock stack of current Java thread (top to bottom):


---------------  P R O C E S S  ---------------

Threads class SMR info:
_java_thread_list=0x0000020bd4ec68b0, length=39, elements={
0x0000020bb38cddf0, 0x0000020bccd7bfb0, 0x0000020bccd7d030, 0x0000020bccd7df90,
0x0000020bccd7f410, 0x0000020bccd99770, 0x0000020bccd9a330, 0x0000020bccd9baa0,
0x0000020bccd8d9b0, 0x0000020bccdb96c0, 0x0000020bd128c250, 0x0000020bd438e130,
0x0000020bd439fc00, 0x0000020bd3024b20, 0x0000020bd30df9a0, 0x0000020bd354f0e0,
0x0000020bd354f8a0, 0x0000020bd300fa60, 0x0000020bd3010230, 0x0000020bd30119a0,
0x0000020bd3015050, 0x0000020bd3012940, 0x0000020bd3014880, 0x0000020bd49f3d50,
0x0000020bd49f1640, 0x0000020bd49f06a0, 0x0000020bd49f2db0, 0x0000020bd49ef700,
0x0000020bd49f1e10, 0x0000020bd13dff20, 0x0000020bd13e1e60, 0x0000020bd13e0ec0,
0x0000020bd55cddd0, 0x0000020bd55cf540, 0x0000020bd55cd600, 0x0000020bd55ce5a0,
0x0000020bd55cce30, 0x0000020bd2f9fff0, 0x0000020bd2fa0f90
}

Java Threads: ( => current thread )
  0x0000020bb38cddf0 JavaThread "main"                              [_thread_blocked, id=4864, stack(0x0000002e3ce00000,0x0000002e3cf00000) (1024K)]
  0x0000020bccd7bfb0 JavaThread "Common-Cleaner"             daemon [_thread_blocked, id=7964, stack(0x0000002e3d600000,0x0000002e3d700000) (1024K)]
  0x0000020bccd7d030 JavaThread "Reference Handler"          daemon [_thread_blocked, id=18228, stack(0x0000002e3d700000,0x0000002e3d800000) (1024K)]
  0x0000020bccd7df90 JavaThread "Finalizer"                  daemon [_thread_blocked, id=21380, stack(0x0000002e3d800000,0x0000002e3d900000) (1024K)]
  0x0000020bccd7f410 JavaThread "Signal Dispatcher"          daemon [_thread_blocked, id=9408, stack(0x0000002e3d900000,0x0000002e3da00000) (1024K)]
  0x0000020bccd99770 JavaThread "Attach Listener"            daemon [_thread_blocked, id=17956, stack(0x0000002e3da00000,0x0000002e3db00000) (1024K)]
  0x0000020bccd9a330 JavaThread "Service Thread"             daemon [_thread_blocked, id=13336, stack(0x0000002e3db00000,0x0000002e3dc00000) (1024K)]
  0x0000020bccd9baa0 JavaThread "Monitor Deflation Thread"   daemon [_thread_blocked, id=22452, stack(0x0000002e3dc00000,0x0000002e3dd00000) (1024K)]
=>0x0000020bccd8d9b0 JavaThread "C2 CompilerThread0"         daemon [_thread_in_native, id=4188, stack(0x0000002e3dd00000,0x0000002e3de00000) (1024K)]
  0x0000020bccdb96c0 JavaThread "C1 CompilerThread0"         daemon [_thread_blocked, id=16752, stack(0x0000002e3de00000,0x0000002e3df00000) (1024K)]
  0x0000020bd128c250 JavaThread "Notification Thread"        daemon [_thread_blocked, id=16240, stack(0x0000002e3df00000,0x0000002e3e000000) (1024K)]
  0x0000020bd438e130 JavaThread "Daemon health stats"               [_thread_blocked, id=19220, stack(0x0000002e3e400000,0x0000002e3e500000) (1024K)]
  0x0000020bd439fc00 JavaThread "Incoming local TCP Connector on port 54377"        [_thread_in_native, id=19632, stack(0x0000002e3e500000,0x0000002e3e600000) (1024K)]
  0x0000020bd3024b20 JavaThread "Daemon periodic checks"            [_thread_blocked, id=12484, stack(0x0000002e3e600000,0x0000002e3e700000) (1024K)]
  0x0000020bd30df9a0 JavaThread "Daemon"                            [_thread_blocked, id=14396, stack(0x0000002e3e700000,0x0000002e3e800000) (1024K)]
  0x0000020bd354f0e0 JavaThread "Handler for socket connection from /127.0.0.1:54377 to /127.0.0.1:54378"        [_thread_in_native, id=19876, stack(0x0000002e3e800000,0x0000002e3e900000) (1024K)]
  0x0000020bd354f8a0 JavaThread "Cancel handler"                    [_thread_blocked, id=7536, stack(0x0000002e3e900000,0x0000002e3ea00000) (1024K)]
  0x0000020bd300fa60 JavaThread "Daemon worker"                     [_thread_blocked, id=3032, stack(0x0000002e3ea00000,0x0000002e3eb00000) (1024K)]
  0x0000020bd3010230 JavaThread "Asynchronous log dispatcher for DefaultDaemonConnection: socket connection from /127.0.0.1:54377 to /127.0.0.1:54378"        [_thread_blocked, id=3392, stack(0x0000002e3eb00000,0x0000002e3ec00000) (1024K)]
  0x0000020bd30119a0 JavaThread "Stdin handler"                     [_thread_blocked, id=11464, stack(0x0000002e3ec00000,0x0000002e3ed00000) (1024K)]
  0x0000020bd3015050 JavaThread "Daemon client event forwarder"        [_thread_blocked, id=4656, stack(0x0000002e3ed00000,0x0000002e3ee00000) (1024K)]
  0x0000020bd3012940 JavaThread "Cache worker for journal cache (C:\Users\MEIRE\.gradle\caches\journal-1)"        [_thread_blocked, id=15324, stack(0x0000002e3ee00000,0x0000002e3ef00000) (1024K)]
  0x0000020bd3014880 JavaThread "File lock request listener"        [_thread_in_native, id=2816, stack(0x0000002e3ef00000,0x0000002e3f000000) (1024K)]
  0x0000020bd49f3d50 JavaThread "Cache worker for file hash cache (C:\Users\MEIRE\.gradle\caches\9.7.1\fileHashes)"        [_thread_blocked, id=15100, stack(0x0000002e3f000000,0x0000002e3f100000) (1024K)]
  0x0000020bd49f1640 JavaThread "Cache worker for file hash cache (C:\Users\MEIRE\AndroidStudioProjects\RetroHardware\.gradle\9.7.1\fileHashes)"        [_thread_blocked, id=20724, stack(0x0000002e3f100000,0x0000002e3f200000) (1024K)]
  0x0000020bd49f06a0 JavaThread "Cache worker for checksums cache (C:\Users\MEIRE\AndroidStudioProjects\RetroHardware\.gradle\9.7.1\checksums)"        [_thread_blocked, id=20924, stack(0x0000002e3f200000,0x0000002e3f300000) (1024K)]
  0x0000020bd49f2db0 JavaThread "Cache worker for Build Output Cleanup Cache (C:\Users\MEIRE\AndroidStudioProjects\RetroHardware\.gradle\buildOutputCleanup)"        [_thread_blocked, id=21220, stack(0x0000002e3f300000,0x0000002e3f400000) (1024K)]
  0x0000020bd49ef700 JavaThread "Cache worker for file content cache (C:\Users\MEIRE\.gradle\caches\9.7.1\fileContent)"        [_thread_blocked, id=15624, stack(0x0000002e3f400000,0x0000002e3f500000) (1024K)]
  0x0000020bd49f1e10 JavaThread "File watcher server"        daemon [_thread_in_native, id=6076, stack(0x0000002e3e000000,0x0000002e3e100000) (1024K)]
  0x0000020bd13dff20 JavaThread "File watcher consumer"      daemon [_thread_blocked, id=10376, stack(0x0000002e3f500000,0x0000002e3f600000) (1024K)]
  0x0000020bd13e1e60 JavaThread "Cache worker for cache directory md-supplier (C:\Users\MEIRE\.gradle\caches\9.7.1\md-supplier)"        [_thread_blocked, id=8124, stack(0x0000002e3f600000,0x0000002e3f700000) (1024K)]
  0x0000020bd13e0ec0 JavaThread "Cache worker for cache directory md-rule (C:\Users\MEIRE\.gradle\caches\9.7.1\md-rule)"        [_thread_blocked, id=3532, stack(0x0000002e3f700000,0x0000002e3f800000) (1024K)]
  0x0000020bd55cddd0 JavaThread "build event listener"              [_thread_blocked, id=18212, stack(0x0000002e3fa00000,0x0000002e3fb00000) (1024K)]
  0x0000020bd55cf540 JavaThread "build event listener"              [_thread_blocked, id=22236, stack(0x0000002e3fb00000,0x0000002e3fc00000) (1024K)]
  0x0000020bd55cd600 JavaThread "build event listener"              [_thread_blocked, id=15796, stack(0x0000002e3f800000,0x0000002e3f900000) (1024K)]
  0x0000020bd55ce5a0 JavaThread "Build operations"                  [_thread_blocked, id=19304, stack(0x0000002e3fc00000,0x0000002e3fd00000) (1024K)]
  0x0000020bd55cce30 JavaThread "Build operations Thread 2"         [_thread_blocked, id=22364, stack(0x0000002e3fd00000,0x0000002e3fe00000) (1024K)]
  0x0000020bd2f9fff0 JavaThread "Memory manager"                    [_thread_blocked, id=17716, stack(0x0000002e3f900000,0x0000002e3fa00000) (1024K)]
  0x0000020bd2fa0f90 JavaThread "included builds"                   [_thread_in_Java, id=7972, stack(0x0000002e3fe00000,0x0000002e3ff00000) (1024K)]
Total: 39

Other Threads:
  0x0000020bccd52fa0 VMThread "VM Thread"                           [id=9980, stack(0x0000002e3d500000,0x0000002e3d600000) (1024K)]
  0x0000020bb5b897c0 WatcherThread "VM Periodic Task Thread"        [id=18072, stack(0x0000002e3d400000,0x0000002e3d500000) (1024K)]
  0x0000020bb5b2d5a0 WorkerThread "GC Thread#0"                     [id=7320, stack(0x0000002e3cf00000,0x0000002e3d000000) (1024K)]
  0x0000020bd22bc3d0 WorkerThread "GC Thread#1"                     [id=10268, stack(0x0000002e3e100000,0x0000002e3e200000) (1024K)]
  0x0000020bd22c6bc0 WorkerThread "GC Thread#2"                     [id=5872, stack(0x0000002e3e200000,0x0000002e3e300000) (1024K)]
  0x0000020bd22b6d10 WorkerThread "GC Thread#3"                     [id=13240, stack(0x0000002e3e300000,0x0000002e3e400000) (1024K)]
  0x0000020bb5b46d30 ConcurrentGCThread "G1 Main Marker"            [id=20112, stack(0x0000002e3d000000,0x0000002e3d100000) (1024K)]
  0x0000020bb5b48f30 WorkerThread "G1 Conc#0"                       [id=22396, stack(0x0000002e3d100000,0x0000002e3d200000) (1024K)]
  0x0000020bb5b7a7a0 ConcurrentGCThread "G1 Refine#0"               [id=10636, stack(0x0000002e3d200000,0x0000002e3d300000) (1024K)]
  0x0000020bb5b7b060 ConcurrentGCThread "G1 Service"                [id=19400, stack(0x0000002e3d300000,0x0000002e3d400000) (1024K)]
Total: 10

Threads with active compile tasks:
C2 CompilerThread0  36299 7020       4       org.gradle.internal.reflect.ClassInspector::inspectClass (179 bytes)
Total: 1

VM state: not at safepoint (normal execution)

VM Mutex/Monitor currently owned by a thread: None

Heap address: 0x0000000080000000, size: 2048 MB, Compressed Oops mode: 32-bit

CDS archive(s) not mapped
Compressed class space mapped at: 0x0000000005000000-0x0000000045000000, reserved size: 1073741824
UseCompressedClassPointers 1, UseCompactObjectHeaders 0
Narrow klass pointer bits 32, Max shift 3
Narrow klass base: 0x0000000000000000, Narrow klass shift: 0
Encoding Range: [0x0000000000000000 - 0x0000000100000000), (4294967296 bytes)
Klass Range:    [0x0000000005000000 - 0x0000000045000000), (1073741824 bytes)
Klass ID Range:  [83886080 - 1157627897) (1073741817)
No protection zone.

GC Precious Log:
 CardTable entry size: 512
 Card Set container configuration: InlinePtr #cards 5 size 8 Array Of Cards #cards 10 size 36 Howl #buckets 4 coarsen threshold 1843 Howl Bitmap #cards 512 size 80 coarsen threshold 460 Card regions per heap region 1 cards per card region 2048
 CPUs: 4 total, 4 available
 Memory: 7959M
 Large Page Support: Disabled
 NUMA Support: Disabled
 Compressed Oops: Enabled (32-bit)
 Heap Region Size: 1M
 Heap Min Capacity: 8M
 Heap Initial Capacity: 126M
 Heap Max Capacity: 2G
 Pre-touch: Disabled
 Parallel Workers: 4
 Concurrent Workers: 1
 Concurrent Refinement Workers: 4
 Periodic GC: Disabled

Heap:
 garbage-first heap   total reserved 2097152K, committed 106496K, used 86192K [0x0000000080000000, 0x0000000100000000)
  region size 1024K, 24 young (24576K), 3 survivors (3072K)

Heap Regions: E=young(eden), S=young(survivor), O=old, HS=humongous(starts), HC=humongous(continues), CS=collection set, F=free, TAMS=top-at-mark-start, PB=parsable bottom
|   0|0x0000000080000000, 0x0000000080100000, 0x0000000080100000|100%|HS|  |TAMS 0x0000000080000000| PB 0x0000000080000000| Complete |  0
|   1|0x0000000080100000, 0x0000000080200000, 0x0000000080200000|100%|HC|  |TAMS 0x0000000080100000| PB 0x0000000080100000| Complete |  0
|   2|0x0000000080200000, 0x0000000080300000, 0x0000000080300000|100%|HC|  |TAMS 0x0000000080200000| PB 0x0000000080200000| Complete |  0
|   3|0x0000000080300000, 0x0000000080400000, 0x0000000080400000|100%|HC|  |TAMS 0x0000000080300000| PB 0x0000000080300000| Complete |  0
|   4|0x0000000080400000, 0x0000000080500000, 0x0000000080500000|100%| O|  |TAMS 0x0000000080400000| PB 0x0000000080400000| Untracked |  0
|   5|0x0000000080500000, 0x0000000080600000, 0x0000000080600000|100%| O|Cm|TAMS 0x0000000080500000| PB 0x0000000080500000| Complete |  0
|   6|0x0000000080600000, 0x0000000080700000, 0x0000000080700000|100%| O|  |TAMS 0x0000000080600000| PB 0x0000000080600000| Untracked |  0
|   7|0x0000000080700000, 0x0000000080800000, 0x0000000080800000|100%| O|  |TAMS 0x0000000080700000| PB 0x0000000080700000| Untracked |  0
|   8|0x0000000080800000, 0x0000000080900000, 0x0000000080900000|100%|HS|  |TAMS 0x0000000080800000| PB 0x0000000080800000| Complete |  0
|   9|0x0000000080900000, 0x0000000080a00000, 0x0000000080a00000|100%| O|  |TAMS 0x0000000080900000| PB 0x0000000080900000| Untracked |  0
|  10|0x0000000080a00000, 0x0000000080b00000, 0x0000000080b00000|100%| O|  |TAMS 0x0000000080a00000| PB 0x0000000080a00000| Untracked |  0
|  11|0x0000000080b00000, 0x0000000080c00000, 0x0000000080c00000|100%| O|  |TAMS 0x0000000080b00000| PB 0x0000000080b00000| Untracked |  0
|  12|0x0000000080c00000, 0x0000000080d00000, 0x0000000080d00000|100%| O|  |TAMS 0x0000000080c00000| PB 0x0000000080c00000| Untracked |  0
|  13|0x0000000080d00000, 0x0000000080e00000, 0x0000000080e00000|100%| O|  |TAMS 0x0000000080d00000| PB 0x0000000080d00000| Untracked |  0
|  14|0x0000000080e00000, 0x0000000080f00000, 0x0000000080f00000|100%| O|  |TAMS 0x0000000080e00000| PB 0x0000000080e00000| Untracked |  0
|  15|0x0000000080f00000, 0x0000000081000000, 0x0000000081000000|100%| O|  |TAMS 0x0000000080f00000| PB 0x0000000080f00000| Untracked |  0
|  16|0x0000000081000000, 0x0000000081100000, 0x0000000081100000|100%| O|  |TAMS 0x0000000081000000| PB 0x0000000081000000| Untracked |  0
|  17|0x0000000081100000, 0x0000000081200000, 0x0000000081200000|100%|HS|  |TAMS 0x0000000081100000| PB 0x0000000081100000| Complete |  0
|  18|0x0000000081200000, 0x0000000081300000, 0x0000000081300000|100%| O|  |TAMS 0x0000000081200000| PB 0x0000000081200000| Untracked |  0
|  19|0x0000000081300000, 0x0000000081400000, 0x0000000081400000|100%| O|  |TAMS 0x0000000081300000| PB 0x0000000081300000| Untracked |  0
|  20|0x0000000081400000, 0x0000000081500000, 0x0000000081500000|100%| O|  |TAMS 0x0000000081400000| PB 0x0000000081400000| Untracked |  0
|  21|0x0000000081500000, 0x0000000081600000, 0x0000000081600000|100%| O|  |TAMS 0x0000000081500000| PB 0x0000000081500000| Untracked |  0
|  22|0x0000000081600000, 0x0000000081700000, 0x0000000081700000|100%| O|  |TAMS 0x0000000081600000| PB 0x0000000081600000| Untracked |  0
|  23|0x0000000081700000, 0x0000000081800000, 0x0000000081800000|100%| O|  |TAMS 0x0000000081700000| PB 0x0000000081700000| Untracked |  0
|  24|0x0000000081800000, 0x0000000081900000, 0x0000000081900000|100%| O|  |TAMS 0x0000000081800000| PB 0x0000000081800000| Untracked |  0
|  25|0x0000000081900000, 0x0000000081a00000, 0x0000000081a00000|100%| O|  |TAMS 0x0000000081900000| PB 0x0000000081900000| Untracked |  0
|  26|0x0000000081a00000, 0x0000000081b00000, 0x0000000081b00000|100%| O|  |TAMS 0x0000000081a00000| PB 0x0000000081a00000| Untracked |  0
|  27|0x0000000081b00000, 0x0000000081c00000, 0x0000000081c00000|100%| O|  |TAMS 0x0000000081b00000| PB 0x0000000081b00000| Untracked |  0
|  28|0x0000000081c00000, 0x0000000081d00000, 0x0000000081d00000|100%|HS|  |TAMS 0x0000000081c00000| PB 0x0000000081c00000| Complete |  0
|  29|0x0000000081d00000, 0x0000000081e00000, 0x0000000081e00000|100%|HS|  |TAMS 0x0000000081d00000| PB 0x0000000081d00000| Complete |  0
|  30|0x0000000081e00000, 0x0000000081f00000, 0x0000000081f00000|100%|HS|  |TAMS 0x0000000081e00000| PB 0x0000000081e00000| Complete |  0
|  31|0x0000000081f00000, 0x0000000082000000, 0x0000000082000000|100%|HC|  |TAMS 0x0000000081f00000| PB 0x0000000081f00000| Complete |  0
|  32|0x0000000082000000, 0x0000000082100000, 0x0000000082100000|100%|HS|  |TAMS 0x0000000082000000| PB 0x0000000082000000| Complete |  0
|  33|0x0000000082100000, 0x0000000082200000, 0x0000000082200000|100%| O|  |TAMS 0x0000000082100000| PB 0x0000000082100000| Untracked |  0
|  34|0x0000000082200000, 0x0000000082300000, 0x0000000082300000|100%|HS|  |TAMS 0x0000000082200000| PB 0x0000000082200000| Complete |  0
|  35|0x0000000082300000, 0x0000000082400000, 0x0000000082400000|100%| O|  |TAMS 0x0000000082300000| PB 0x0000000082300000| Untracked |  0
|  36|0x0000000082400000, 0x0000000082500000, 0x0000000082500000|100%| O|  |TAMS 0x0000000082400000| PB 0x0000000082400000| Untracked |  0
|  37|0x0000000082500000, 0x0000000082600000, 0x0000000082600000|100%|HS|  |TAMS 0x0000000082500000| PB 0x0000000082500000| Complete |  0
|  38|0x0000000082600000, 0x0000000082700000, 0x0000000082700000|100%|HC|  |TAMS 0x0000000082600000| PB 0x0000000082600000| Complete |  0
|  39|0x0000000082700000, 0x0000000082800000, 0x0000000082800000|100%| O|  |TAMS 0x0000000082700000| PB 0x0000000082700000| Untracked |  0
|  40|0x0000000082800000, 0x0000000082900000, 0x0000000082900000|100%| O|  |TAMS 0x0000000082800000| PB 0x0000000082800000| Untracked |  0
|  41|0x0000000082900000, 0x0000000082a00000, 0x0000000082a00000|100%| O|  |TAMS 0x0000000082900000| PB 0x0000000082900000| Untracked |  0
|  42|0x0000000082a00000, 0x0000000082b00000, 0x0000000082b00000|100%| O|  |TAMS 0x0000000082a00000| PB 0x0000000082a00000| Untracked |  0
|  43|0x0000000082b00000, 0x0000000082c00000, 0x0000000082c00000|100%|HS|  |TAMS 0x0000000082b00000| PB 0x0000000082b00000| Complete |  0
|  44|0x0000000082c00000, 0x0000000082d00000, 0x0000000082d00000|100%| O|  |TAMS 0x0000000082c00000| PB 0x0000000082c00000| Untracked |  0
|  45|0x0000000082d00000, 0x0000000082e00000, 0x0000000082e00000|100%| O|  |TAMS 0x0000000082d00000| PB 0x0000000082d00000| Untracked |  0
|  46|0x0000000082e00000, 0x0000000082f00000, 0x0000000082f00000|100%| O|  |TAMS 0x0000000082e00000| PB 0x0000000082e00000| Untracked |  0
|  47|0x0000000082f00000, 0x0000000083000000, 0x0000000083000000|100%|HS|  |TAMS 0x0000000082f00000| PB 0x0000000082f00000| Complete |  0
|  48|0x0000000083000000, 0x0000000083100000, 0x0000000083100000|100%| O|  |TAMS 0x0000000083000000| PB 0x0000000083000000| Untracked |  0
|  49|0x0000000083100000, 0x0000000083200000, 0x0000000083200000|100%| O|  |TAMS 0x0000000083100000| PB 0x0000000083100000| Untracked |  0
|  50|0x0000000083200000, 0x0000000083300000, 0x0000000083300000|100%|HS|  |TAMS 0x0000000083200000| PB 0x0000000083200000| Complete |  0
|  51|0x0000000083300000, 0x0000000083400000, 0x0000000083400000|100%| O|  |TAMS 0x0000000083300000| PB 0x0000000083300000| Untracked |  0
|  52|0x0000000083400000, 0x0000000083500000, 0x0000000083500000|100%| O|  |TAMS 0x0000000083400000| PB 0x0000000083400000| Untracked |  0
|  53|0x0000000083500000, 0x0000000083600000, 0x0000000083600000|100%| O|  |TAMS 0x0000000083500000| PB 0x0000000083500000| Untracked |  0
|  54|0x0000000083600000, 0x0000000083700000, 0x0000000083700000|100%| O|  |TAMS 0x0000000083600000| PB 0x0000000083600000| Untracked |  0
|  55|0x0000000083700000, 0x0000000083800000, 0x0000000083800000|100%| O|  |TAMS 0x0000000083700000| PB 0x0000000083700000| Untracked |  0
|  56|0x0000000083800000, 0x0000000083900000, 0x0000000083900000|100%| O|  |TAMS 0x0000000083800000| PB 0x0000000083800000| Untracked |  0
|  57|0x0000000083900000, 0x0000000083a00000, 0x0000000083a00000|100%| O|  |TAMS 0x0000000083900000| PB 0x0000000083900000| Untracked |  0
|  58|0x0000000083a00000, 0x0000000083b00000, 0x0000000083b00000|100%| O|  |TAMS 0x0000000083a00000| PB 0x0000000083a00000| Untracked |  0
|  59|0x0000000083b00000, 0x0000000083c00000, 0x0000000083c00000|100%| O|  |TAMS 0x0000000083b00000| PB 0x0000000083b00000| Untracked |  0
|  60|0x0000000083c00000, 0x0000000083c92880, 0x0000000083d00000| 57%| O|  |TAMS 0x0000000083c00000| PB 0x0000000083c00000| Untracked |  0
|  61|0x0000000083d00000, 0x0000000083d00000, 0x0000000083e00000|  0%| F|  |TAMS 0x0000000083d00000| PB 0x0000000083d00000| Untracked |  0
|  62|0x0000000083e00000, 0x0000000083e00000, 0x0000000083f00000|  0%| F|  |TAMS 0x0000000083e00000| PB 0x0000000083e00000| Untracked |  0
|  63|0x0000000083f00000, 0x0000000083f00000, 0x0000000084000000|  0%| F|  |TAMS 0x0000000083f00000| PB 0x0000000083f00000| Untracked |  0
|  64|0x0000000084000000, 0x0000000084000000, 0x0000000084100000|  0%| F|  |TAMS 0x0000000084000000| PB 0x0000000084000000| Untracked |  0
|  65|0x0000000084100000, 0x0000000084100000, 0x0000000084200000|  0%| F|  |TAMS 0x0000000084100000| PB 0x0000000084100000| Untracked |  0
|  66|0x0000000084200000, 0x0000000084200000, 0x0000000084300000|  0%| F|  |TAMS 0x0000000084200000| PB 0x0000000084200000| Untracked |  0
|  67|0x0000000084300000, 0x0000000084300000, 0x0000000084400000|  0%| F|  |TAMS 0x0000000084300000| PB 0x0000000084300000| Untracked |  0
|  68|0x0000000084400000, 0x0000000084400000, 0x0000000084500000|  0%| F|  |TAMS 0x0000000084400000| PB 0x0000000084400000| Untracked |  0
|  69|0x0000000084500000, 0x0000000084500000, 0x0000000084600000|  0%| F|  |TAMS 0x0000000084500000| PB 0x0000000084500000| Untracked |  0
|  70|0x0000000084600000, 0x0000000084600000, 0x0000000084700000|  0%| F|  |TAMS 0x0000000084600000| PB 0x0000000084600000| Untracked |  0
|  71|0x0000000084700000, 0x0000000084700000, 0x0000000084800000|  0%| F|  |TAMS 0x0000000084700000| PB 0x0000000084700000| Untracked |  0
|  72|0x0000000084800000, 0x0000000084800000, 0x0000000084900000|  0%| F|  |TAMS 0x0000000084800000| PB 0x0000000084800000| Untracked |  0
|  73|0x0000000084900000, 0x0000000084900000, 0x0000000084a00000|  0%| F|  |TAMS 0x0000000084900000| PB 0x0000000084900000| Untracked |  0
|  74|0x0000000084a00000, 0x0000000084a99aa8, 0x0000000084b00000| 60%| S|CS|TAMS 0x0000000084a00000| PB 0x0000000084a00000| Complete |  0
|  75|0x0000000084b00000, 0x0000000084c00000, 0x0000000084c00000|100%| S|CS|TAMS 0x0000000084b00000| PB 0x0000000084b00000| Complete |  0
|  76|0x0000000084c00000, 0x0000000084d00000, 0x0000000084d00000|100%| S|CS|TAMS 0x0000000084c00000| PB 0x0000000084c00000| Complete |  0
|  77|0x0000000084d00000, 0x0000000084d00000, 0x0000000084e00000|  0%| F|  |TAMS 0x0000000084d00000| PB 0x0000000084d00000| Untracked |  0
|  78|0x0000000084e00000, 0x0000000084e00000, 0x0000000084f00000|  0%| F|  |TAMS 0x0000000084e00000| PB 0x0000000084e00000| Untracked |  0
|  79|0x0000000084f00000, 0x0000000084f00000, 0x0000000085000000|  0%| F|  |TAMS 0x0000000084f00000| PB 0x0000000084f00000| Untracked |  0
|  80|0x0000000085000000, 0x0000000085000000, 0x0000000085100000|  0%| F|  |TAMS 0x0000000085000000| PB 0x0000000085000000| Untracked |  0
|  81|0x0000000085100000, 0x0000000085100000, 0x0000000085200000|  0%| F|  |TAMS 0x0000000085100000| PB 0x0000000085100000| Untracked |  0
|  82|0x0000000085200000, 0x000000008521fbf8, 0x0000000085300000| 12%| E|  |TAMS 0x0000000085200000| PB 0x0000000085200000| Complete |  0
|  83|0x0000000085300000, 0x0000000085400000, 0x0000000085400000|100%| E|CS|TAMS 0x0000000085300000| PB 0x0000000085300000| Complete |  0
|  84|0x0000000085400000, 0x0000000085500000, 0x0000000085500000|100%| E|CS|TAMS 0x0000000085400000| PB 0x0000000085400000| Complete |  0
|  85|0x0000000085500000, 0x0000000085600000, 0x0000000085600000|100%| E|CS|TAMS 0x0000000085500000| PB 0x0000000085500000| Complete |  0
|  86|0x0000000085600000, 0x0000000085700000, 0x0000000085700000|100%| E|CS|TAMS 0x0000000085600000| PB 0x0000000085600000| Complete |  0
|  87|0x0000000085700000, 0x0000000085800000, 0x0000000085800000|100%| E|CS|TAMS 0x0000000085700000| PB 0x0000000085700000| Complete |  0
|  88|0x0000000085800000, 0x0000000085900000, 0x0000000085900000|100%| E|CS|TAMS 0x0000000085800000| PB 0x0000000085800000| Complete |  0
|  89|0x0000000085900000, 0x0000000085a00000, 0x0000000085a00000|100%| E|CS|TAMS 0x0000000085900000| PB 0x0000000085900000| Complete |  0
|  90|0x0000000085a00000, 0x0000000085b00000, 0x0000000085b00000|100%| E|CS|TAMS 0x0000000085a00000| PB 0x0000000085a00000| Complete |  0
|  91|0x0000000085b00000, 0x0000000085c00000, 0x0000000085c00000|100%| E|CS|TAMS 0x0000000085b00000| PB 0x0000000085b00000| Complete |  0
|  92|0x0000000085c00000, 0x0000000085d00000, 0x0000000085d00000|100%| E|CS|TAMS 0x0000000085c00000| PB 0x0000000085c00000| Complete |  0
|  93|0x0000000085d00000, 0x0000000085e00000, 0x0000000085e00000|100%| E|CS|TAMS 0x0000000085d00000| PB 0x0000000085d00000| Complete |  0
|  94|0x0000000085e00000, 0x0000000085f00000, 0x0000000085f00000|100%| E|CS|TAMS 0x0000000085e00000| PB 0x0000000085e00000| Complete |  0
|  95|0x0000000085f00000, 0x0000000086000000, 0x0000000086000000|100%| E|CS|TAMS 0x0000000085f00000| PB 0x0000000085f00000| Complete |  0
|  96|0x0000000086000000, 0x0000000086100000, 0x0000000086100000|100%| E|CS|TAMS 0x0000000086000000| PB 0x0000000086000000| Complete |  0
|  97|0x0000000086100000, 0x0000000086200000, 0x0000000086200000|100%| E|CS|TAMS 0x0000000086100000| PB 0x0000000086100000| Complete |  0
|  98|0x0000000086200000, 0x0000000086300000, 0x0000000086300000|100%| E|CS|TAMS 0x0000000086200000| PB 0x0000000086200000| Complete |  0
|  99|0x0000000086300000, 0x0000000086400000, 0x0000000086400000|100%| E|CS|TAMS 0x0000000086300000| PB 0x0000000086300000| Complete |  0
| 125|0x0000000087d00000, 0x0000000087e00000, 0x0000000087e00000|100%| E|CS|TAMS 0x0000000087d00000| PB 0x0000000087d00000| Complete |  0
|2045|0x00000000ffd00000, 0x00000000ffe00000, 0x00000000ffe00000|100%| O|  |TAMS 0x00000000ffd00000| PB 0x00000000ffd00000| Untracked |  0
|2046|0x00000000ffe00000, 0x00000000fff00000, 0x00000000fff00000|100%| E|CS|TAMS 0x00000000ffe00000| PB 0x00000000ffe00000| Complete |  0
|2047|0x00000000fff00000, 0x0000000100000000, 0x0000000100000000|100%| E|CS|TAMS 0x00000000fff00000| PB 0x00000000fff00000| Complete |  0

Card table byte_map: [0x0000020bc83c0000,0x0000020bc87c0000] _byte_map_base: 0x0000020bc7fc0000

Marking Bits: (CMBitMap*) 0x0000020bb5b2e3f0
 Bits: [0x0000020bc87c0000, 0x0000020bca7c0000)

Polling page: 0x0000020bb5290000

Metaspace:
Metaspace        used 69012K, committed 70656K, reserved 1114112K
 class space     used 9913K, committed 10688K, reserved 1048576K

Usage:
  Non-class:     57.71 MB used.
      Class:      9.68 MB used.
       Both:     67.39 MB used.

Virtual space:
  Non-class space:       64.00 MB reserved,      58.56 MB ( 92%) committed,  1 nodes.
      Class space:        1.00 GB reserved,      10.44 MB (  1%) committed,  1 nodes.
             Both:        1.06 GB reserved,      69.00 MB (  6%) committed. 

Chunk freelists:
   Non-Class:  5.06 MB
       Class:  5.38 MB
        Both:  10.44 MB

MaxMetaspaceSize: unlimited
CompressedClassSpaceSize: 1.00 GB
Initial GC threshold: 21.00 MB
Current GC threshold: 111.81 MB
CDS: off
 - commit_granule_bytes: 65536.
 - commit_granule_words: 8192.
 - virtual_space_node_default_size: 8388608.
 - enlarge_chunks_in_place: 1.
UseCompressedClassPointers 1, UseCompactObjectHeaders 0
Narrow klass pointer bits 32, Max shift 3
Narrow klass base: 0x0000000000000000, Narrow klass shift: 0
Encoding Range: [0x0000000000000000 - 0x0000000100000000), (4294967296 bytes)
Klass Range:    [0x0000000005000000 - 0x0000000045000000), (1073741824 bytes)
Klass ID Range:  [83886080 - 1157627897) (1073741817)
No protection zone.


Internal statistics:

num_allocs_failed_limit: 6.
num_arena_births: 3382.
num_arena_deaths: 0.
num_vsnodes_births: 2.
num_vsnodes_deaths: 0.
num_space_committed: 1104.
num_space_uncommitted: 0.
num_chunks_returned_to_freelist: 6.
num_chunks_taken_from_freelist: 6271.
num_chunk_merges: 6.
num_chunk_splits: 4022.
num_chunks_enlarged: 2368.
num_inconsistent_stats: 0.

CodeHeap 'non-profiled nmethods': size=120064Kb used=2749Kb max_used=2749Kb free=117314Kb
 bounds [0x0000020bc0a80000, 0x0000020bc0d30000, 0x0000020bc7fc0000]
CodeHeap 'profiled nmethods': size=120000Kb used=9437Kb max_used=9437Kb free=110562Kb
 bounds [0x0000020bb8fc0000, 0x0000020bb9900000, 0x0000020bc04f0000]
CodeHeap 'non-nmethods': size=5696Kb used=2083Kb max_used=2247Kb free=3612Kb
 bounds [0x0000020bc04f0000, 0x0000020bc0760000, 0x0000020bc0a80000]
CodeCache: size=245760Kb, used=14269Kb, max_used=14433Kb, free=231488Kb
 total_blobs=6992, nmethods=6223, adapters=669, full_count=0
Compilation: enabled, stopped_count=0, restarted_count=0

Compilation events (20 events):
Event: 36.149 Thread 0x0000020bccdb96c0 nmethod 7249 0x0000020bb98e8288 code [0x0000020bb98e8380, 0x0000020bb98e8488]
Event: 36.152 Thread 0x0000020bccdb96c0 7250       2       org.gradle.api.internal.file.collections.DefaultConfigurableFileCollection$EmptyCollector::<init> (5 bytes)
Event: 36.152 Thread 0x0000020bccdb96c0 nmethod 7250 0x0000020bb98e8588 code [0x0000020bb98e8680, 0x0000020bb98e8780]
Event: 36.152 Thread 0x0000020bccdb96c0 7251       2       org.gradle.api.internal.file.collections.DefaultConfigurableFileCollection$EmptyCollector::<init> (5 bytes)
Event: 36.152 Thread 0x0000020bccdb96c0 nmethod 7251 0x0000020bb98e8888 code [0x0000020bb98e8980, 0x0000020bb98e8a80]
Event: 36.153 Thread 0x0000020bccdb96c0 7252       2       org.gradle.internal.serialize.codecs.core.BuildServiceProviderCodec::decode (983 bytes)
Event: 36.156 Thread 0x0000020bccdb96c0 nmethod 7252 0x0000020bb98e8b88 code [0x0000020bb98e8c80, 0x0000020bb98eb128]
Event: 36.157 Thread 0x0000020bccdb96c0 7254       2       org.gradle.internal.operations.DefaultBuildOperationRunner::access$300 (4 bytes)
Event: 36.157 Thread 0x0000020bccdb96c0 nmethod 7254 0x0000020bb98eb188 code [0x0000020bb98eb280, 0x0000020bb98eb370]
Event: 36.157 Thread 0x0000020bccdb96c0 7253       2       org.gradle.internal.serialize.codecs.core.BuildServiceProviderCodec$decode$1::<init> (11 bytes)
Event: 36.157 Thread 0x0000020bccdb96c0 nmethod 7253 0x0000020bb98eb488 code [0x0000020bb98eb580, 0x0000020bb98eb810]
Event: 36.158 Thread 0x0000020bccdb96c0 7255       2       kotlin.collections.EmptyList::iterator (7 bytes)
Event: 36.158 Thread 0x0000020bccdb96c0 nmethod 7255 0x0000020bb98eb888 code [0x0000020bb98eb980, 0x0000020bb98eba90]
Event: 36.159 Thread 0x0000020bccdb96c0 7256       2       org.gradle.api.internal.file.AbstractFileResolver::unpackAndParseNotation (51 bytes)
Event: 36.159 Thread 0x0000020bccdb96c0 nmethod 7256 0x0000020bb98ebb88 code [0x0000020bb98ebc80, 0x0000020bb98ec3c0]
Event: 36.159 Thread 0x0000020bccdb96c0 7258       2       org.gradle.internal.FileUtils::normalize (52 bytes)
Event: 36.160 Thread 0x0000020bccdb96c0 nmethod 7258 0x0000020bb98ec408 code [0x0000020bb98ec500, 0x0000020bb98ec7f0]
Event: 36.160 Thread 0x0000020bccdb96c0 7259       2       org.gradle.api.internal.file.AbstractFileResolver::validate (184 bytes)
Event: 36.162 Thread 0x0000020bccdb96c0 nmethod 7259 0x0000020bb98ec808 code [0x0000020bb98ec900, 0x0000020bb98ee460]
Event: 36.162 Thread 0x0000020bccdb96c0 7260       2       org.gradle.internal.dispatch.ReflectionDispatch::dispatch (9 bytes)

GC Heap Usage History (20 events):
Event: 28.697 {heap Before GC invocations=12 (full 0):
 garbage-first heap   total reserved 2097152K, committed 75776K, used 67659K [0x0000000080000000, 0x0000000100000000)
  region size 1024K, 28 young (28672K), 5 survivors (5120K)
}
Event: 28.707 {heap After GC invocations=13 (full 0):
 garbage-first heap   total reserved 2097152K, committed 76800K, used 47211K [0x0000000080000000, 0x0000000100000000)
  region size 1024K, 3 young (3072K), 3 survivors (3072K)
}
Event: 29.273 {heap Before GC invocations=13 (full 0):
 garbage-first heap   total reserved 2097152K, committed 76800K, used 67691K [0x0000000080000000, 0x0000000100000000)
  region size 1024K, 23 young (23552K), 3 survivors (3072K)
}
Event: 29.277 {heap After GC invocations=14 (full 0):
 garbage-first heap   total reserved 2097152K, committed 76800K, used 47553K [0x0000000080000000, 0x0000000100000000)
  region size 1024K, 1 young (1024K), 1 survivors (1024K)
}
Event: 29.665 {heap Before GC invocations=14 (full 0):
 garbage-first heap   total reserved 2097152K, committed 76800K, used 69057K [0x0000000080000000, 0x0000000100000000)
  region size 1024K, 22 young (22528K), 1 survivors (1024K)
}
Event: 29.669 {heap After GC invocations=15 (full 0):
 garbage-first heap   total reserved 2097152K, committed 76800K, used 48784K [0x0000000080000000, 0x0000000100000000)
  region size 1024K, 3 young (3072K), 3 survivors (3072K)
}
Event: 30.288 {heap Before GC invocations=16 (full 0):
 garbage-first heap   total reserved 2097152K, committed 83968K, used 68240K [0x0000000080000000, 0x0000000100000000)
  region size 1024K, 23 young (23552K), 3 survivors (3072K)
}
Event: 30.293 {heap After GC invocations=17 (full 0):
 garbage-first heap   total reserved 2097152K, committed 83968K, used 50666K [0x0000000080000000, 0x0000000100000000)
  region size 1024K, 3 young (3072K), 3 survivors (3072K)
}
Event: 31.760 {heap Before GC invocations=17 (full 0):
 garbage-first heap   total reserved 2097152K, committed 83968K, used 78314K [0x0000000080000000, 0x0000000100000000)
  region size 1024K, 28 young (28672K), 3 survivors (3072K)
}
Event: 31.769 {heap After GC invocations=18 (full 0):
 garbage-first heap   total reserved 2097152K, committed 87040K, used 55590K [0x0000000080000000, 0x0000000100000000)
  region size 1024K, 4 young (4096K), 4 survivors (4096K)
}
Event: 32.145 {heap Before GC invocations=18 (full 0):
 garbage-first heap   total reserved 2097152K, committed 87040K, used 64806K [0x0000000080000000, 0x0000000100000000)
  region size 1024K, 15 young (15360K), 4 survivors (4096K)
}
Event: 32.150 {heap After GC invocations=19 (full 0):
 garbage-first heap   total reserved 2097152K, committed 87040K, used 56529K [0x0000000080000000, 0x0000000100000000)
  region size 1024K, 1 young (1024K), 1 survivors (1024K)
}
Event: 33.150 {heap Before GC invocations=20 (full 0):
 garbage-first heap   total reserved 2097152K, committed 97280K, used 81105K [0x0000000080000000, 0x0000000100000000)
  region size 1024K, 24 young (24576K), 1 survivors (1024K)
}
Event: 33.154 {heap After GC invocations=21 (full 0):
 garbage-first heap   total reserved 2097152K, committed 97280K, used 59412K [0x0000000080000000, 0x0000000100000000)
  region size 1024K, 3 young (3072K), 3 survivors (3072K)
}
Event: 34.503 {heap Before GC invocations=21 (full 0):
 garbage-first heap   total reserved 2097152K, committed 97280K, used 87060K [0x0000000080000000, 0x0000000100000000)
  region size 1024K, 31 young (31744K), 3 survivors (3072K)
}
Event: 34.514 {heap After GC invocations=22 (full 0):
 garbage-first heap   total reserved 2097152K, committed 97280K, used 60703K [0x0000000080000000, 0x0000000100000000)
  region size 1024K, 4 young (4096K), 4 survivors (4096K)
}
Event: 35.056 {heap Before GC invocations=22 (full 0):
 garbage-first heap   total reserved 2097152K, committed 97280K, used 88351K [0x0000000080000000, 0x0000000100000000)
  region size 1024K, 32 young (32768K), 4 survivors (4096K)
}
Event: 35.062 {heap After GC invocations=23 (full 0):
 garbage-first heap   total reserved 2097152K, committed 97280K, used 63006K [0x0000000080000000, 0x0000000100000000)
  region size 1024K, 4 young (4096K), 4 survivors (4096K)
}
Event: 35.710 {heap Before GC invocations=24 (full 0):
 garbage-first heap   total reserved 2097152K, committed 106496K, used 88606K [0x0000000080000000, 0x0000000100000000)
  region size 1024K, 30 young (30720K), 4 survivors (4096K)
}
Event: 35.717 {heap After GC invocations=25 (full 0):
 garbage-first heap   total reserved 2097152K, committed 106496K, used 65712K [0x0000000080000000, 0x0000000100000000)
  region size 1024K, 3 young (3072K), 3 survivors (3072K)
}

Metaspace Usage History (20 events):
Event: 28.697 {metaspace Before GC invocations=12 (full 0):
 Metaspace       used 49678K, committed 50880K, reserved 1114112K
  class space    used 6967K, committed 7552K, reserved 1048576K
}
Event: 28.707 {metaspace After GC invocations=13 (full 0):
 Metaspace       used 49678K, committed 50880K, reserved 1114112K
  class space    used 6967K, committed 7552K, reserved 1048576K
}
Event: 29.273 {metaspace Before GC invocations=13 (full 0):
 Metaspace       used 51661K, committed 53056K, reserved 1114112K
  class space    used 7349K, committed 8000K, reserved 1048576K
}
Event: 29.277 {metaspace After GC invocations=14 (full 0):
 Metaspace       used 51661K, committed 53056K, reserved 1114112K
  class space    used 7349K, committed 8000K, reserved 1048576K
}
Event: 29.665 {metaspace Before GC invocations=14 (full 0):
 Metaspace       used 53877K, committed 55296K, reserved 1114112K
  class space    used 7751K, committed 8448K, reserved 1048576K
}
Event: 29.669 {metaspace After GC invocations=15 (full 0):
 Metaspace       used 53877K, committed 55296K, reserved 1114112K
  class space    used 7751K, committed 8448K, reserved 1048576K
}
Event: 30.288 {metaspace Before GC invocations=16 (full 0):
 Metaspace       used 57370K, committed 58944K, reserved 1114112K
  class space    used 8155K, committed 8896K, reserved 1048576K
}
Event: 30.293 {metaspace After GC invocations=17 (full 0):
 Metaspace       used 57370K, committed 58944K, reserved 1114112K
  class space    used 8155K, committed 8896K, reserved 1048576K
}
Event: 31.760 {metaspace Before GC invocations=17 (full 0):
 Metaspace       used 59799K, committed 61376K, reserved 1114112K
  class space    used 8455K, committed 9216K, reserved 1048576K
}
Event: 31.769 {metaspace After GC invocations=18 (full 0):
 Metaspace       used 59799K, committed 61376K, reserved 1114112K
  class space    used 8455K, committed 9216K, reserved 1048576K
}
Event: 32.145 {metaspace Before GC invocations=18 (full 0):
 Metaspace       used 61153K, committed 62720K, reserved 1114112K
  class space    used 8674K, committed 9408K, reserved 1048576K
}
Event: 32.150 {metaspace After GC invocations=19 (full 0):
 Metaspace       used 61153K, committed 62720K, reserved 1114112K
  class space    used 8674K, committed 9408K, reserved 1048576K
}
Event: 33.150 {metaspace Before GC invocations=20 (full 0):
 Metaspace       used 63204K, committed 64768K, reserved 1114112K
  class space    used 9009K, committed 9728K, reserved 1048576K
}
Event: 33.154 {metaspace After GC invocations=21 (full 0):
 Metaspace       used 63204K, committed 64768K, reserved 1114112K
  class space    used 9009K, committed 9728K, reserved 1048576K
}
Event: 34.503 {metaspace Before GC invocations=21 (full 0):
 Metaspace       used 65371K, committed 67072K, reserved 1114112K
  class space    used 9346K, committed 10112K, reserved 1048576K
}
Event: 34.514 {metaspace After GC invocations=22 (full 0):
 Metaspace       used 65371K, committed 67072K, reserved 1114112K
  class space    used 9346K, committed 10112K, reserved 1048576K
}
Event: 35.056 {metaspace Before GC invocations=22 (full 0):
 Metaspace       used 66912K, committed 68608K, reserved 1114112K
  class space    used 9580K, committed 10368K, reserved 1048576K
}
Event: 35.063 {metaspace After GC invocations=23 (full 0):
 Metaspace       used 66912K, committed 68608K, reserved 1114112K
  class space    used 9580K, committed 10368K, reserved 1048576K
}
Event: 35.710 {metaspace Before GC invocations=24 (full 0):
 Metaspace       used 67894K, committed 69504K, reserved 1114112K
  class space    used 9725K, committed 10496K, reserved 1048576K
}
Event: 35.717 {metaspace After GC invocations=25 (full 0):
 Metaspace       used 67894K, committed 69504K, reserved 1114112K
  class space    used 9725K, committed 10496K, reserved 1048576K
}

Dll operation events (3 events):
Event: 0.013 Loaded shared library C:\Program Files\Android\Android Studio\jbr\bin\java.dll
Event: 0.020 Loaded shared library C:\Program Files\Android\Android Studio\jbr\bin\zip.dll
Event: 0.764 Loaded shared library C:\Program Files\Android\Android Studio\jbr\bin\verify.dll

Deoptimization events (20 events):
Event: 35.179 Thread 0x0000020bd55ce5a0 DEOPT PACKING pc=0x0000020bc0bfb7b4 sp=0x0000002e3fcfbc10
Event: 35.179 Thread 0x0000020bd55ce5a0 DEOPT UNPACKING pc=0x0000020bc0617402 sp=0x0000002e3fcfbba0 mode 2
Event: 35.179 Thread 0x0000020bd55ce5a0 Uncommon trap: trap_request=0xffffffd6 fr.pc=0x0000020bc0bfb7b4 relative=0x0000000000000234
Event: 35.179 Thread 0x0000020bd55ce5a0 Uncommon trap: reason=array_check action=maybe_recompile pc=0x0000020bc0bfb7b4 method=com.google.common.collect.ImmutableMap$Builder.put(Ljava/lang/Object;Ljava/lang/Object;)Lcom/google/common/collect/ImmutableMap$Builder; @ 32 c2
Event: 35.179 Thread 0x0000020bd55ce5a0 DEOPT PACKING pc=0x0000020bc0bfb7b4 sp=0x0000002e3fcfbc10
Event: 35.179 Thread 0x0000020bd55ce5a0 DEOPT UNPACKING pc=0x0000020bc0617402 sp=0x0000002e3fcfbba0 mode 2
Event: 35.179 Thread 0x0000020bd55ce5a0 Uncommon trap: trap_request=0xffffffd6 fr.pc=0x0000020bc0bfb7b4 relative=0x0000000000000234
Event: 35.179 Thread 0x0000020bd55ce5a0 Uncommon trap: reason=array_check action=maybe_recompile pc=0x0000020bc0bfb7b4 method=com.google.common.collect.ImmutableMap$Builder.put(Ljava/lang/Object;Ljava/lang/Object;)Lcom/google/common/collect/ImmutableMap$Builder; @ 32 c2
Event: 35.179 Thread 0x0000020bd55ce5a0 DEOPT PACKING pc=0x0000020bc0bfb7b4 sp=0x0000002e3fcfbc10
Event: 35.179 Thread 0x0000020bd55ce5a0 DEOPT UNPACKING pc=0x0000020bc0617402 sp=0x0000002e3fcfbba0 mode 2
Event: 35.862 Thread 0x0000020bd55ce5a0 DEOPT PACKING pc=0x0000020bb989ab1f sp=0x0000002e3fcfadd0
Event: 35.862 Thread 0x0000020bd55ce5a0 DEOPT UNPACKING pc=0x0000020bc05412a2 sp=0x0000002e3fcfa300 mode 0
Event: 36.161 Thread 0x0000020bd55ce5a0 Uncommon trap: trap_request=0xffffffde fr.pc=0x0000020bc0bd02f8 relative=0x0000000000000078
Event: 36.161 Thread 0x0000020bd55ce5a0 Uncommon trap: reason=class_check action=maybe_recompile pc=0x0000020bc0bd02f8 method=java.util.Collections$SetFromMap.remove(Ljava/lang/Object;)Z @ 5 c2
Event: 36.161 Thread 0x0000020bd55ce5a0 DEOPT PACKING pc=0x0000020bc0bd02f8 sp=0x0000002e3fcfe250
Event: 36.161 Thread 0x0000020bd55ce5a0 DEOPT UNPACKING pc=0x0000020bc0617402 sp=0x0000002e3fcfe1d8 mode 2
Event: 36.161 Thread 0x0000020bd55ce5a0 Uncommon trap: trap_request=0xffffff45 fr.pc=0x0000020bc0c7d394 relative=0x0000000000000094
Event: 36.161 Thread 0x0000020bd55ce5a0 Uncommon trap: reason=unstable_if action=reinterpret pc=0x0000020bc0c7d394 method=java.util.concurrent.locks.AbstractQueuedSynchronizer.signalNext(Ljava/util/concurrent/locks/AbstractQueuedSynchronizer$Node;)V @ 17 c2
Event: 36.161 Thread 0x0000020bd55ce5a0 DEOPT PACKING pc=0x0000020bc0c7d394 sp=0x0000002e3fcfef40
Event: 36.161 Thread 0x0000020bd55ce5a0 DEOPT UNPACKING pc=0x0000020bc0617402 sp=0x0000002e3fcfeed0 mode 2

Classes loaded (20 events):
Event: 33.767 Loading class jdk/xml/internal/JdkXmlFeatures$XmlFeature
Event: 33.768 Loading class jdk/xml/internal/JdkXmlFeatures$XmlFeature done
Event: 33.768 Loading class jdk/xml/internal/JdkProperty$ImplPropMap
Event: 33.768 Loading class jdk/xml/internal/JdkProperty$ImplPropMap done
Event: 33.769 Loading class com/sun/org/apache/xpath/internal/jaxp/XPathFactoryImpl
Event: 33.769 Loading class com/sun/org/apache/xpath/internal/jaxp/XPathFactoryImpl done
Event: 33.770 Loading class javax/xml/parsers/DocumentBuilderFactory
Event: 33.771 Loading class javax/xml/parsers/DocumentBuilderFactory done
Event: 33.771 Loading class javax/xml/parsers/FactoryFinder
Event: 33.771 Loading class javax/xml/parsers/FactoryFinder done
Event: 33.772 Loading class com/sun/org/apache/xerces/internal/jaxp/DocumentBuilderFactoryImpl
Event: 33.773 Loading class com/sun/org/apache/xerces/internal/jaxp/DocumentBuilderFactoryImpl done
Event: 33.775 Loading class java/lang/classfile/CodeModel
Event: 33.775 Loading class java/lang/classfile/CodeModel done
Event: 33.838 Loading class java/util/regex/Pattern$SliceI
Event: 33.838 Loading class java/util/regex/Pattern$SliceI done
Event: 34.132 Loading class java/util/EnumSet$SerializationProxy
Event: 34.133 Loading class java/util/EnumSet$SerializationProxy done
Event: 34.438 Loading class java/util/concurrent/locks/ReentrantReadWriteLock$FairSync
Event: 34.438 Loading class java/util/concurrent/locks/ReentrantReadWriteLock$FairSync done

Classes unloaded (0 events):
No events

Classes redefined (0 events):
No events

Internal exceptions (20 events):
Event: 35.996 Thread 0x0000020bd55ce5a0 Exception <a 'sun/nio/fs/WindowsException'{0x0000000085d338f8}> (0x0000000085d338f8) 
thrown [s\src\hotspot\share\prims\jni.cpp, line 535]
Event: 35.999 Thread 0x0000020bd55ce5a0 Exception <a 'sun/nio/fs/WindowsException'{0x0000000085d4e2b0}> (0x0000000085d4e2b0) 
thrown [s\src\hotspot\share\prims\jni.cpp, line 535]
Event: 36.002 Thread 0x0000020bd55ce5a0 Exception <a 'sun/nio/fs/WindowsException'{0x0000000085d6d288}> (0x0000000085d6d288) 
thrown [s\src\hotspot\share\prims\jni.cpp, line 535]
Event: 36.003 Thread 0x0000020bd55ce5a0 Exception <a 'sun/nio/fs/WindowsException'{0x0000000085d761d0}> (0x0000000085d761d0) 
thrown [s\src\hotspot\share\prims\jni.cpp, line 535]
Event: 36.004 Thread 0x0000020bd55ce5a0 Exception <a 'sun/nio/fs/WindowsException'{0x0000000085d7f3a8}> (0x0000000085d7f3a8) 
thrown [s\src\hotspot\share\prims\jni.cpp, line 535]
Event: 36.069 Thread 0x0000020bd55ce5a0 Exception <a 'sun/nio/fs/WindowsException'{0x0000000085b28090}> (0x0000000085b28090) 
thrown [s\src\hotspot\share\prims\jni.cpp, line 535]
Event: 36.072 Thread 0x0000020bd55ce5a0 Exception <a 'sun/nio/fs/WindowsException'{0x0000000085b61b38}> (0x0000000085b61b38) 
thrown [s\src\hotspot\share\prims\jni.cpp, line 535]
Event: 36.074 Thread 0x0000020bd55ce5a0 Exception <a 'sun/nio/fs/WindowsException'{0x0000000085b69bb8}> (0x0000000085b69bb8) 
thrown [s\src\hotspot\share\prims\jni.cpp, line 535]
Event: 36.078 Thread 0x0000020bd55ce5a0 Exception <a 'sun/nio/fs/WindowsException'{0x0000000085b7fe08}> (0x0000000085b7fe08) 
thrown [s\src\hotspot\share\prims\jni.cpp, line 535]
Event: 36.088 Thread 0x0000020bd55ce5a0 Exception <a 'sun/nio/fs/WindowsException'{0x0000000085aaf220}> (0x0000000085aaf220) 
thrown [s\src\hotspot\share\prims\jni.cpp, line 535]
Event: 36.092 Thread 0x0000020bd55ce5a0 Exception <a 'sun/nio/fs/WindowsException'{0x0000000085abb700}> (0x0000000085abb700) 
thrown [s\src\hotspot\share\prims\jni.cpp, line 535]
Event: 36.094 Thread 0x0000020bd55ce5a0 Exception <a 'sun/nio/fs/WindowsException'{0x0000000085acc248}> (0x0000000085acc248) 
thrown [s\src\hotspot\share\prims\jni.cpp, line 535]
Event: 36.096 Thread 0x0000020bd55ce5a0 Exception <a 'sun/nio/fs/WindowsException'{0x0000000085ad5628}> (0x0000000085ad5628) 
thrown [s\src\hotspot\share\prims\jni.cpp, line 535]
Event: 36.098 Thread 0x0000020bd55ce5a0 Exception <a 'sun/nio/fs/WindowsException'{0x0000000085aec240}> (0x0000000085aec240) 
thrown [s\src\hotspot\share\prims\jni.cpp, line 535]
Event: 36.101 Thread 0x0000020bd55ce5a0 Exception <a 'sun/nio/fs/WindowsException'{0x0000000085900b30}> (0x0000000085900b30) 
thrown [s\src\hotspot\share\prims\jni.cpp, line 535]
Event: 36.104 Thread 0x0000020bd55ce5a0 Exception <a 'sun/nio/fs/WindowsException'{0x000000008590d8d0}> (0x000000008590d8d0) 
thrown [s\src\hotspot\share\prims\jni.cpp, line 535]
Event: 36.108 Thread 0x0000020bd55ce5a0 Exception <a 'sun/nio/fs/WindowsException'{0x0000000085922de0}> (0x0000000085922de0) 
thrown [s\src\hotspot\share\prims\jni.cpp, line 535]
Event: 36.116 Thread 0x0000020bd55ce5a0 Exception <a 'sun/nio/fs/WindowsException'{0x0000000085966460}> (0x0000000085966460) 
thrown [s\src\hotspot\share\prims\jni.cpp, line 535]
Event: 36.136 Thread 0x0000020bd55ce5a0 Exception <a 'sun/nio/fs/WindowsException'{0x00000000858626e8}> (0x00000000858626e8) 
thrown [s\src\hotspot\share\prims\jni.cpp, line 535]
Event: 36.151 Thread 0x0000020bd55ce5a0 Exception <a 'sun/nio/fs/WindowsException'{0x00000000857114a8}> (0x00000000857114a8) 
thrown [s\src\hotspot\share\prims\jni.cpp, line 535]

VM Operations (20 events):
Event: 32.143 Executing non-safepoint VM operation: HandshakeAllThreads (Deoptimize)
Event: 32.143 Executing non-safepoint VM operation: HandshakeAllThreads (Deoptimize) done
Event: 32.145 Executing safepoint VM operation: G1TryInitiateConcMark (G1 Humongous Allocation)
Event: 32.150 Executing safepoint VM operation: G1TryInitiateConcMark (G1 Humongous Allocation) done
Event: 32.215 Executing safepoint VM operation: G1PauseRemark
Event: 32.226 Executing safepoint VM operation: G1PauseRemark done
Event: 32.253 Executing safepoint VM operation: G1PauseCleanup
Event: 32.253 Executing safepoint VM operation: G1PauseCleanup done
Event: 33.150 Executing safepoint VM operation: G1CollectForAllocation (G1 Evacuation Pause)
Event: 33.154 Executing safepoint VM operation: G1CollectForAllocation (G1 Evacuation Pause) done
Event: 34.503 Executing safepoint VM operation: G1CollectForAllocation (G1 Evacuation Pause)
Event: 34.514 Executing safepoint VM operation: G1CollectForAllocation (G1 Evacuation Pause) done
Event: 35.056 Executing safepoint VM operation: G1CollectForAllocation (G1 Evacuation Pause)
Event: 35.063 Executing safepoint VM operation: G1CollectForAllocation (G1 Evacuation Pause) done
Event: 35.136 Executing safepoint VM operation: G1PauseRemark
Event: 35.140 Executing safepoint VM operation: G1PauseRemark done
Event: 35.167 Executing safepoint VM operation: G1PauseCleanup
Event: 35.167 Executing safepoint VM operation: G1PauseCleanup done
Event: 35.710 Executing safepoint VM operation: G1CollectForAllocation (G1 Evacuation Pause)
Event: 35.717 Executing safepoint VM operation: G1CollectForAllocation (G1 Evacuation Pause) done

Memory protections (0 events):
No events

Nmethod flushes (20 events):
Event: 35.139 Thread 0x0000020bccd52fa0 flushing  nmethod 0x0000020bb9124588
Event: 35.139 Thread 0x0000020bccd52fa0 flushing  nmethod 0x0000020bb9165188
Event: 35.139 Thread 0x0000020bccd52fa0 flushing osr nmethod 0x0000020bb91ded88
Event: 35.139 Thread 0x0000020bccd52fa0 flushing  nmethod 0x0000020bb9213088
Event: 35.139 Thread 0x0000020bccd52fa0 flushing  nmethod 0x0000020bb925a208
Event: 35.139 Thread 0x0000020bccd52fa0 flushing  nmethod 0x0000020bb92e4c08
Event: 35.139 Thread 0x0000020bccd52fa0 flushing  nmethod 0x0000020bb9305188
Event: 35.139 Thread 0x0000020bccd52fa0 flushing  nmethod 0x0000020bb934cf88
Event: 35.139 Thread 0x0000020bccd52fa0 flushing  nmethod 0x0000020bb9415788
Event: 35.139 Thread 0x0000020bccd52fa0 flushing  nmethod 0x0000020bb9525f88
Event: 35.139 Thread 0x0000020bccd52fa0 flushing  nmethod 0x0000020bb952a188
Event: 35.139 Thread 0x0000020bccd52fa0 flushing  nmethod 0x0000020bb954c208
Event: 35.139 Thread 0x0000020bccd52fa0 flushing  nmethod 0x0000020bb954d988
Event: 35.139 Thread 0x0000020bccd52fa0 flushing  nmethod 0x0000020bb9559188
Event: 35.139 Thread 0x0000020bccd52fa0 flushing  nmethod 0x0000020bb9634e88
Event: 35.139 Thread 0x0000020bccd52fa0 flushing  nmethod 0x0000020bb9636a08
Event: 35.139 Thread 0x0000020bccd52fa0 flushing  nmethod 0x0000020bb9671d88
Event: 35.139 Thread 0x0000020bccd52fa0 flushing  nmethod 0x0000020bb969f288
Event: 35.139 Thread 0x0000020bccd52fa0 flushing  nmethod 0x0000020bb96c9908
Event: 35.139 Thread 0x0000020bccd52fa0 flushing  nmethod 0x0000020bb96fc788

Events (20 events):
Event: 4.870 Thread 0x0000020bd300fa60 Thread added: 0x0000020bd49ef700
Event: 5.586 Thread 0x0000020bd14848c0 Thread exited: 0x0000020bd14848c0
Event: 5.849 Thread 0x0000020bccdb96c0 Thread added: 0x0000020bd594b960
Event: 6.826 Thread 0x0000020bd594b960 Thread exited: 0x0000020bd594b960
Event: 27.530 Thread 0x0000020bd300fa60 Thread added: 0x0000020bd49f1e10
Event: 27.539 Thread 0x0000020bd300fa60 Thread added: 0x0000020bd13dff20
Event: 27.658 Thread 0x0000020bd300fa60 Thread added: 0x0000020bd13e06f0
Event: 27.713 Thread 0x0000020bd13e06f0 Thread exited: 0x0000020bd13e06f0
Event: 29.260 Thread 0x0000020bd300fa60 Thread added: 0x0000020bd13e1e60
Event: 29.342 Thread 0x0000020bd300fa60 Thread added: 0x0000020bd13e0ec0
Event: 29.445 Thread 0x0000020bccdb96c0 Thread added: 0x0000020bd594d190
Event: 30.421 Thread 0x0000020bd300fa60 Thread added: 0x0000020bd13e3da0
Event: 30.675 Thread 0x0000020bd300fa60 Thread added: 0x0000020bd55cddd0
Event: 30.739 Thread 0x0000020bd300fa60 Thread added: 0x0000020bd55cf540
Event: 31.227 Thread 0x0000020bd594d190 Thread exited: 0x0000020bd594d190
Event: 31.841 Thread 0x0000020bd300fa60 Thread added: 0x0000020bd55cd600
Event: 31.882 Thread 0x0000020bd300fa60 Thread added: 0x0000020bd55ce5a0
Event: 31.882 Thread 0x0000020bd300fa60 Thread added: 0x0000020bd55cce30
Event: 32.285 Thread 0x0000020bd13e3da0 Thread exited: 0x0000020bd13e3da0
Event: 33.917 Thread 0x0000020bd55ce5a0 Thread added: 0x0000020bd2f9fff0


Dynamic libraries:
0x00007ff7a4480000 - 0x00007ff7a448a000 	C:\Program Files\Android\Android Studio\jbr\bin\java.exe
0x00007ffc47150000 - 0x00007ffc47348000 	C:\WINDOWS\SYSTEM32\ntdll.dll
0x00007ffc46960000 - 0x00007ffc46a22000 	C:\WINDOWS\System32\KERNEL32.DLL
0x00007ffc44d90000 - 0x00007ffc45086000 	C:\WINDOWS\System32\KERNELBASE.dll
0x00007ffc40ca0000 - 0x00007ffc40d34000 	C:\WINDOWS\SYSTEM32\apphelp.dll
0x00007ffc447e0000 - 0x00007ffc448e0000 	C:\WINDOWS\System32\ucrtbase.dll
0x00007ffc39750000 - 0x00007ffc3976b000 	C:\Program Files\Android\Android Studio\jbr\bin\VCRUNTIME140.dll
0x00007ffc3e690000 - 0x00007ffc3e6a6000 	C:\Program Files\Android\Android Studio\jbr\bin\jli.dll
0x00007ffc45e20000 - 0x00007ffc45fc1000 	C:\WINDOWS\System32\USER32.dll
0x00007ffc32c40000 - 0x00007ffc32edb000 	C:\WINDOWS\WinSxS\amd64_microsoft.windows.common-controls_6595b64144ccf1df_6.0.19041.6456_none_60b8a6cb71f64256\COMCTL32.dll
0x00007ffc450c0000 - 0x00007ffc450e2000 	C:\WINDOWS\System32\win32u.dll
0x00007ffc47070000 - 0x00007ffc4710e000 	C:\WINDOWS\System32\msvcrt.dll
0x00007ffc46f30000 - 0x00007ffc46f5b000 	C:\WINDOWS\System32\GDI32.dll
0x00007ffc44c70000 - 0x00007ffc44d89000 	C:\WINDOWS\System32\gdi32full.dll
0x00007ffc44ad0000 - 0x00007ffc44b6d000 	C:\WINDOWS\System32\msvcp_win.dll
0x00007ffc461e0000 - 0x00007ffc4620f000 	C:\WINDOWS\System32\IMM32.DLL
0x00007ffc40b10000 - 0x00007ffc40b1c000 	C:\Program Files\Android\Android Studio\jbr\bin\vcruntime140_1.dll
0x00007ffc17e20000 - 0x00007ffc17ead000 	C:\Program Files\Android\Android Studio\jbr\bin\msvcp140.dll
0x00007ffbecaf0000 - 0x00007ffbed9ca000 	C:\Program Files\Android\Android Studio\jbr\bin\server\jvm.dll
0x00007ffc46340000 - 0x00007ffc463f1000 	C:\WINDOWS\System32\ADVAPI32.dll
0x00007ffc46a30000 - 0x00007ffc46acf000 	C:\WINDOWS\System32\sechost.dll
0x00007ffc45170000 - 0x00007ffc45290000 	C:\WINDOWS\System32\RPCRT4.dll
0x00007ffc45090000 - 0x00007ffc450b7000 	C:\WINDOWS\System32\bcrypt.dll
0x00007ffc46210000 - 0x00007ffc4627b000 	C:\WINDOWS\System32\WS2_32.dll
0x00007ffc44640000 - 0x00007ffc4468b000 	C:\WINDOWS\SYSTEM32\POWRPROF.dll
0x00007ffc2cea0000 - 0x00007ffc2cec7000 	C:\WINDOWS\SYSTEM32\WINMM.dll
0x00007ffc3c1b0000 - 0x00007ffc3c1ba000 	C:\WINDOWS\SYSTEM32\VERSION.dll
0x00007ffc44620000 - 0x00007ffc44632000 	C:\WINDOWS\SYSTEM32\UMPDC.dll
0x00007ffc43020000 - 0x00007ffc43032000 	C:\WINDOWS\SYSTEM32\kernel.appcore.dll
0x00007ffc3ea20000 - 0x00007ffc3ea2a000 	C:\Program Files\Android\Android Studio\jbr\bin\jimage.dll
0x00007ffc42b20000 - 0x00007ffc42d21000 	C:\WINDOWS\SYSTEM32\DBGHELP.DLL
0x00007ffc2c9d0000 - 0x00007ffc2ca04000 	C:\WINDOWS\SYSTEM32\dbgcore.DLL
0x00007ffc44a40000 - 0x00007ffc44ac2000 	C:\WINDOWS\System32\bcryptPrimitives.dll
0x00007ffc3e660000 - 0x00007ffc3e66e000 	C:\Program Files\Android\Android Studio\jbr\bin\instrument.dll
0x00007ffc39730000 - 0x00007ffc3974f000 	C:\Program Files\Android\Android Studio\jbr\bin\java.dll
0x00007ffc460b0000 - 0x00007ffc461db000 	C:\WINDOWS\System32\ole32.dll
0x00007ffc45350000 - 0x00007ffc456a4000 	C:\WINDOWS\System32\combase.dll
0x00007ffc456b0000 - 0x00007ffc45e20000 	C:\WINDOWS\System32\SHELL32.dll
0x00007ffc39710000 - 0x00007ffc39727000 	C:\Program Files\Android\Android Studio\jbr\bin\zip.dll
0x00007ffc422a0000 - 0x00007ffc42a45000 	C:\WINDOWS\SYSTEM32\windows.storage.dll
0x00007ffc441a0000 - 0x00007ffc441cb000 	C:\WINDOWS\SYSTEM32\Wldp.dll
0x00007ffc46af0000 - 0x00007ffc46bbd000 	C:\WINDOWS\System32\OLEAUT32.dll
0x00007ffc46280000 - 0x00007ffc4632d000 	C:\WINDOWS\System32\SHCORE.dll
0x00007ffc46900000 - 0x00007ffc4695b000 	C:\WINDOWS\System32\shlwapi.dll
0x00007ffc44710000 - 0x00007ffc44734000 	C:\WINDOWS\SYSTEM32\profapi.dll
0x00007ffc3d310000 - 0x00007ffc3d320000 	C:\Program Files\Android\Android Studio\jbr\bin\net.dll
0x00007ffc43e90000 - 0x00007ffc43efa000 	C:\WINDOWS\system32\mswsock.dll
0x00007ffc38fd0000 - 0x00007ffc38fe6000 	C:\Program Files\Android\Android Studio\jbr\bin\nio.dll
0x00007ffc39170000 - 0x00007ffc39180000 	C:\Program Files\Android\Android Studio\jbr\bin\verify.dll
0x00007ffc2c1f0000 - 0x00007ffc2c217000 	C:\Users\MEIRE\.gradle\native\660c5614fbf4a5f2a75b1949f50a0caf5cd603558e7d8a26e50b933a0cfb79d1\windows-amd64\native-platform.dll
0x00007ffc293e0000 - 0x00007ffc29457000 	C:\Users\MEIRE\.gradle\native\0.2.8\x86_64-windows-gnu\gradle-fileevents.dll
0x00007ffc39c00000 - 0x00007ffc39c09000 	C:\Program Files\Android\Android Studio\jbr\bin\management.dll
0x00007ffc39ba0000 - 0x00007ffc39bab000 	C:\Program Files\Android\Android Studio\jbr\bin\management_ext.dll
0x00007ffc468f0000 - 0x00007ffc468f8000 	C:\WINDOWS\System32\PSAPI.DLL
0x00007ffc43b70000 - 0x00007ffc43bab000 	C:\WINDOWS\SYSTEM32\IPHLPAPI.DLL
0x00007ffc46d70000 - 0x00007ffc46d78000 	C:\WINDOWS\System32\NSI.dll
0x00007ffc3b350000 - 0x00007ffc3b359000 	C:\Program Files\Android\Android Studio\jbr\bin\extnet.dll
0x00007ffc440f0000 - 0x00007ffc44108000 	C:\WINDOWS\SYSTEM32\CRYPTSP.dll
0x00007ffc437b0000 - 0x00007ffc437e8000 	C:\WINDOWS\system32\rsaenh.dll
0x00007ffc446d0000 - 0x00007ffc446fe000 	C:\WINDOWS\SYSTEM32\USERENV.dll
0x00007ffc44110000 - 0x00007ffc4411c000 	C:\WINDOWS\SYSTEM32\CRYPTBASE.dll
0x00007ffbe5f30000 - 0x00007ffbe5f37000 	C:\WINDOWS\system32\wshunix.dll

JVMTI agents:
C:\Users\MEIRE\.gradle\wrapper\dists\gradle-9.7.1-bin\1w1c7tv4s851m17nbqdsro2tv\gradle-9.7.1\lib\agents\gradle-instrumentation-agent-9.7.1.jar path:C:\Program Files\Android\Android Studio\jbr\bin\instrument.dll, loaded, initialized, instrumentlib options:none

dbghelp: loaded successfully - version: 4.0.5 - missing functions: none
symbol engine: initialized successfully - sym options: 0x614 - pdb path: .;C:\Program Files\Android\Android Studio\jbr\bin;C:\WINDOWS\SYSTEM32;C:\WINDOWS\WinSxS\amd64_microsoft.windows.common-controls_6595b64144ccf1df_6.0.19041.6456_none_60b8a6cb71f64256;C:\Program Files\Android\Android Studio\jbr\bin\server;C:\Users\MEIRE\.gradle\native\660c5614fbf4a5f2a75b1949f50a0caf5cd603558e7d8a26e50b933a0cfb79d1\windows-amd64;C:\Users\MEIRE\.gradle\native\0.2.8\x86_64-windows-gnu

VM Arguments:
jvm_args: --add-opens=java.base/java.lang=ALL-UNNAMED --add-opens=java.base/java.lang.invoke=ALL-UNNAMED --add-opens=java.base/java.util=ALL-UNNAMED --add-opens=java.prefs/java.util.prefs=ALL-UNNAMED --add-exports=jdk.compiler/com.sun.tools.javac.api=ALL-UNNAMED --add-exports=jdk.compiler/com.sun.tools.javac.util=ALL-UNNAMED --add-opens=java.base/java.nio.charset=ALL-UNNAMED --add-opens=java.base/java.net=ALL-UNNAMED --add-opens=java.base/java.util.concurrent=ALL-UNNAMED --add-opens=java.base/java.util.concurrent.atomic=ALL-UNNAMED --add-opens=java.xml/javax.xml.namespace=ALL-UNNAMED --add-opens=java.base/java.time=ALL-UNNAMED --enable-native-access=ALL-UNNAMED -Xmx2048m -Dfile.encoding=UTF-8 -Duser.country=BR -Duser.language=pt -Duser.variant -javaagent:C:\Users\MEIRE\.gradle\wrapper\dists\gradle-9.7.1-bin\1w1c7tv4s851m17nbqdsro2tv\gradle-9.7.1\lib\agents\gradle-instrumentation-agent-9.7.1.jar 
java_command: org.gradle.launcher.daemon.bootstrap.GradleDaemon 9.7.1
java_class_path (initial): C:\Users\MEIRE\.gradle\wrapper\dists\gradle-9.7.1-bin\1w1c7tv4s851m17nbqdsro2tv\gradle-9.7.1\lib\gradle-daemon-main-9.7.1.jar
Launcher Type: SUN_STANDARD

[Global flags]
     intx CICompilerCount                          = 3                                         {product} {ergonomic}
     uint ConcGCThreads                            = 1                                         {product} {ergonomic}
     uint G1ConcRefinementThreads                  = 4                                         {product} {ergonomic}
   size_t G1HeapRegionSize                         = 1048576                                   {product} {ergonomic}
   size_t InitialHeapSize                          = 132120576                                 {product} {ergonomic}
   size_t MarkStackSize                            = 4194304                                   {product} {ergonomic}
   size_t MarkStackSizeMax                         = 536870912                                 {product} {ergonomic}
   size_t MaxHeapSize                              = 2147483648                                {product} {command line}
   size_t MaxNewSize                               = 1287651328                                {product} {ergonomic}
   size_t MinHeapDeltaBytes                        = 1048576                                   {product} {ergonomic}
   size_t MinHeapSize                              = 8388608                                   {product} {ergonomic}
    uintx NonNMethodCodeHeapSize                   = 5832704                                {pd product} {ergonomic}
    uintx NonProfiledCodeHeapSize                  = 122945536                              {pd product} {ergonomic}
    uintx ProfiledCodeHeapSize                     = 122880000                              {pd product} {ergonomic}
    uintx ReservedCodeCacheSize                    = 251658240                              {pd product} {ergonomic}
     bool SegmentedCodeCache                       = true                                      {product} {ergonomic}
   size_t SoftMaxHeapSize                          = 2147483648                             {manageable} {ergonomic}
     bool UseCompressedOops                        = true                           {product lp64_product} {ergonomic}
     bool UseG1GC                                  = true                                      {product} {ergonomic}
     bool UseLargePagesIndividualAllocation        = false                                  {pd product} {ergonomic}

Logging:
Log output configuration:
 #0: stdout all=warning uptime,level,tags foldmultilines=false
 #1: stderr all=off uptime,level,tags foldmultilines=false

Release file:
JAVA_VERSION="25.0.2" 
MODULES="java.base java.compiler java.datatransfer java.xml java.prefs java.desktop java.instrument java.logging java.management java.security.sasl java.naming java.rmi java.management.rmi java.net.http java.scripting java.security.jgss java.transaction.xa java.sql java.sql.rowset java.xml.crypto java.se java.smartcardio jdk.accessibility jdk.internal.jvmstat jdk.attach jdk.charsets jdk.internal.opt jdk.zipfs jdk.compiler jdk.crypto.cryptoki jdk.crypto.ec jdk.dynalink jdk.hotspot.agent jdk.httpserver jdk.internal.ed jdk.internal.le jdk.internal.md jdk.internal.vm.ci jdk.jartool jdk.javadoc jdk.jcmd jdk.jdeps jdk.jdwp.agent jdk.jdi jdk.jfr jdk.jlink jdk.localedata jdk.management jdk.management.agent jdk.management.jfr jdk.naming.dns jdk.naming.rmi jdk.net jdk.sctp jdk.security.auth jdk.security.jgss jdk.unsupported jdk.unsupported.desktop jdk.xml.dom" 
IMPLEMENTOR="JetBrains s.r.o." 
JAVA_RUNTIME_VERSION="25.0.2+-15348964-b329.117" 
LIBC="default" 
OS_ARCH="x86_64" 
OS_NAME="Windows" 
SOURCE=".:git:3cf398e84a39" 

Environment Variables:
JAVA_HOME=C:\Program Files\Java\jdk-23
PATH=C:\Python314\Scripts\;C:\Python314\;C:\Program Files\Common Files\Oracle\Java\javapath;C:\WINDOWS\system32;C:\WINDOWS;C:\WINDOWS\System32\Wbem;C:\WINDOWS\System32\WindowsPowerShell\v1.0\;C:\WINDOWS\System32\OpenSSH\;C:\Program Files\dotnet\;C:\Program Files (x86)\dotnet\;C:\Program Files\Microsoft VS Code\bin;C:\Program Files\SafeNet\Authentication\SAC\x64;C:\Program Files\SafeNet\Authentication\SAC\x32;C:\Program Files\Java\jdk-23\bin;C:\Program Files\nodejs\;C:\ProgramData\chocolatey\bin;C:\Program Files\Git\cmd;C:\Users\MEIRE\.config\herd-lite\bin;C:\Users\MEIRE\AppData\Local\Microsoft\WindowsApps;C:\Users\MEIRE\AppData\Roaming\npm
USERNAME=MEIRE
OS=Windows_NT
PROCESSOR_IDENTIFIER=Intel64 Family 6 Model 126 Stepping 5, GenuineIntel
TMP=C:\Users\MEIRE\AppData\Local\Temp
TEMP=C:\Users\MEIRE\AppData\Local\Temp




Compilation memory statistics disabled.

Periodic native trim disabled

JNI global refs:
JNI global refs: 21, weak refs: 11

JNI global refs memory usage: 835, weak refs: 833

Process memory usage:
Resident Set Size: 300812K (3% of 8150356K total physical memory with 353500K free physical memory)

OOME stack traces (most recent first):
Classloader memory used:
Loader org.gradle.internal.classloader.VisitableURLClassLoader                         : 29806 K
Loader bootstrap                                                                       : 23417 K
Loader org.gradle.initialization.MixInLegacyTypesClassLoader                           : 9043 K
Loader org.gradle.internal.classloader.VisitableURLClassLoader$InstrumentingVisitableURLClassLoader: 6493 K
Loader jdk.internal.loader.ClassLoaders$AppClassLoader                                 : 190 K
Loader jdk.internal.loader.ClassLoaders$PlatformClassLoader                            : 137 K

Classes loaded by more than one classloader:
Class org.gradle.internal.classloader.FilteringClassLoader                            : loaded 2 times (x 106B)
Class org.gradle.internal.classloader.ClassLoaderHierarchy                            : loaded 2 times (x 72B)
Class com.google.common.collect.AbstractMapBasedMultimap$WrappedCollection            : loaded 2 times (x 126B)
Class org.gradle.internal.classloader.DefaultClassLoaderFactory                       : loaded 2 times (x 84B)
Class com.google.common.collect.ImmutableEnumMap                                      : loaded 2 times (x 128B)
Class com.google.common.collect.ListMultimap                                          : loaded 2 times (x 72B)
Class org.gradle.api.internal.DefaultClassPathProvider                                : loaded 2 times (x 78B)
Class [Lorg.gradle.api.internal.ClassPathProvider;                                    : loaded 2 times (x 71B)
Class org.gradle.api.internal.ClassPathProvider                                       : loaded 2 times (x 72B)
Class org.gradle.internal.service.UnknownServiceException                             : loaded 2 times (x 85B)
Class com.google.common.collect.MapDifference                                         : loaded 2 times (x 72B)
Class org.gradle.internal.classpath.TransformedClassPath                              : loaded 2 times (x 101B)
Class org.gradle.internal.classloader.InstrumentingClassLoader                        : loaded 2 times (x 72B)
Class com.google.common.collect.ImmutableCollection$Builder                           : loaded 2 times (x 78B)
Class com.google.common.collect.UnmodifiableIterator                                  : loaded 2 times (x 82B)
Class org.gradle.internal.service.ServiceLocator                                      : loaded 2 times (x 72B)
Class com.google.common.collect.AbstractMapEntry                                      : loaded 2 times (x 83B)
Class com.google.common.collect.AbstractMultimap                                      : loaded 2 times (x 125B)
Class com.google.common.collect.RegularImmutableAsList                                : loaded 2 times (x 219B)
Class com.google.common.collect.BiMap                                                 : loaded 2 times (x 72B)
Class org.gradle.api.internal.classpath.DefaultModuleRegistry$DefaultModule           : loaded 2 times (x 84B)
Class com.google.common.collect.ArrayListMultimapGwtSerializationDependencies         : loaded 2 times (x 173B)
Class com.google.common.collect.Multiset                                              : loaded 2 times (x 72B)
Class org.gradle.api.internal.classpath.Module                                        : loaded 2 times (x 72B)
Class org.gradle.api.internal.classpath.UnknownModuleException                        : loaded 2 times (x 84B)
Class org.gradle.api.internal.DefaultClassPathRegistry                                : loaded 2 times (x 78B)
Class com.google.common.collect.Multimap                                              : loaded 2 times (x 72B)
Class org.gradle.internal.classpath.DefaultClassPath$ImmutableUniqueList              : loaded 2 times (x 201B)
Class org.gradle.api.internal.ClassPathRegistry                                       : loaded 2 times (x 72B)
Class org.gradle.internal.classpath.ClassPath                                         : loaded 2 times (x 72B)
Class org.gradle.api.internal.classpath.DefaultModuleRegistry$DefaultModuleAlias      : loaded 2 times (x 82B)
Class com.google.common.collect.ImmutableMap$IteratorBasedImmutableMap                : loaded 2 times (x 128B)
Class com.google.common.collect.SingletonImmutableSet                                 : loaded 2 times (x 148B)
Class com.google.common.collect.AbstractListMultimap                                  : loaded 2 times (x 173B)
Class org.gradle.api.internal.classpath.ModuleRegistry                                : loaded 2 times (x 72B)
Class org.gradle.internal.installation.GradleInstallation$1                           : loaded 2 times (x 77B)
Class com.google.common.collect.ImmutableCollection                                   : loaded 2 times (x 127B)
Class org.gradle.api.internal.classpath.DefaultModuleRegistry                         : loaded 2 times (x 86B)
Class com.google.common.base.Converter                                                : loaded 2 times (x 92B)
Class com.google.common.collect.ImmutableSet$CachingAsList                            : loaded 2 times (x 150B)
Class com.google.common.collect.AbstractMapBasedMultimap                              : loaded 2 times (x 140B)
Class com.google.common.collect.ImmutableAsList                                       : loaded 2 times (x 211B)
Class org.gradle.internal.service.ServiceLookupException                              : loaded 2 times (x 84B)
Class org.gradle.internal.classloader.ClassLoaderFactory                              : loaded 2 times (x 72B)
Class org.gradle.internal.service.CachingServiceLocator                               : loaded 2 times (x 84B)
Class com.google.common.base.Function                                                 : loaded 2 times (x 72B)
Class org.gradle.internal.classloader.ClasspathUtil                                   : loaded 2 times (x 73B)
Class com.google.common.collect.Maps                                                  : loaded 2 times (x 73B)
Class org.gradle.api.specs.Spec                                                       : loaded 2 times (x 72B)
Class com.google.common.collect.Maps$8                                                : loaded 2 times (x 84B)
Class org.gradle.internal.classloader.VisitableURLClassLoader$InstrumentingVisitableURLClassLoader: loaded 2 times (x 124B)
Class org.gradle.internal.classloader.VisitableURLClassLoader$Spec                    : loaded 2 times (x 76B)
Class org.gradle.internal.classpath.DefaultClassPath                                  : loaded 2 times (x 92B)
Class com.google.common.collect.ImmutableSet                                          : loaded 2 times (x 147B)
Class org.gradle.internal.classloader.ClassLoaderSpec                                 : loaded 2 times (x 73B)
Class org.gradle.api.internal.classpath.Module$ModuleAlias                            : loaded 2 times (x 72B)
Class org.gradle.internal.classloader.VisitableURLClassLoader                         : loaded 2 times (x 118B)
Class org.gradle.internal.Cast                                                        : loaded 2 times (x 73B)
Class org.gradle.api.Action                                                           : loaded 2 times (x 72B)
Class com.google.common.collect.ImmutableMap                                          : loaded 2 times (x 122B)
Class org.gradle.internal.classpath.DefaultClassPath$ImmutableUniqueList$Builder      : loaded 2 times (x 77B)
Class com.google.common.collect.ArrayListMultimap                                     : loaded 2 times (x 173B)
Class org.gradle.api.GradleException                                                  : loaded 2 times (x 84B)
Class com.google.common.collect.SortedMapDifference                                   : loaded 2 times (x 72B)
Class org.gradle.internal.IoActions                                                   : loaded 2 times (x 73B)
Class com.google.common.collect.ImmutableSet$RegularSetBuilderImpl                    : loaded 2 times (x 78B)
Class com.google.common.base.Preconditions                                            : loaded 2 times (x 73B)
Class com.google.common.collect.Maps$BiMapConverter                                   : loaded 2 times (x 92B)
Class com.google.common.collect.ImmutableSet$Builder                                  : loaded 2 times (x 87B)
Class org.gradle.internal.installation.CurrentGradleInstallationLocator               : loaded 2 times (x 73B)
Class com.google.common.collect.ImmutableList                                         : loaded 2 times (x 208B)
Class org.gradle.internal.service.DefaultServiceLocator                               : loaded 2 times (x 85B)
Class com.google.common.collect.ImmutableSet$SetBuilderImpl                           : loaded 2 times (x 78B)
Class org.gradle.internal.installation.CurrentGradleInstallation                      : loaded 2 times (x 75B)
Class org.gradle.util.internal.GUtil                                                  : loaded 2 times (x 73B)
Class com.google.common.collect.RegularImmutableSet                                   : loaded 2 times (x 150B)
Class org.gradle.internal.installation.GradleInstallation                             : loaded 2 times (x 77B)

---------------  S Y S T E M  ---------------

OS:
 Windows 10 , 64 bit Build 19041 (10.0.19041.5915)
OS uptime: 40 days 19:27 hours

CPU: total 4 (initial active 4) (2 cores per cpu, 2 threads per core) family 6 model 126 stepping 5 microcode 0xcc, cx8, cmov, fxsr, ht, mmx, 3dnowpref, sse, sse2, sse3, ssse3, sse4.1, sse4.2, popcnt, lzcnt, tsc, tscinvbit, avx, avx2, aes, erms, clmul, bmi1, bmi2, adx, avx512f, avx512dq, avx512cd, avx512bw, avx512vl, sha, fma, vzeroupper, avx512_vpopcntdq, avx512_vpclmulqdq, avx512_vaes, avx512_vnni, clflush, clflushopt, avx512_vbmi2, avx512_vbmi, rdtscp, rdpid, fsrm, gfni, avx512_bitalg, f16c, pku, avx512_ifma
Processor Information for the first 4 processors :
  Max Mhz: 1190, Current Mhz: 1190, Mhz Limit: 1190

Memory: 4k page, system-wide physical 7959M (338M free)
TotalPageFile size 16151M (AvailPageFile size 5M)
current process WorkingSet (physical memory assigned to process): 293M, peak: 293M
current process commit charge ("private bytes"): 323M, peak: 331M

vm_info: OpenJDK 64-Bit Server VM (25.0.2+-15348964-b329.117) for windows-amd64 JRE (25.0.2+-15348964-b329.117), built on 2026-05-05T18:25:19Z with MS VC++ 16.10 / 16.11 (VS2019)

END.
